// Jest Snapshot v1, https://goo.gl/fbAQLP

exports[`<NavBar /> should render and match snapshot 1`] = `
<nav
  className="sc-bdVaJa dwDnSv"
>
  <a
    aria-current="page"
    href="/"
    onClick={[Function]}
  >
    Home
  </a>
  <a
    href="https://avoinsights.com/dashboard/index.php"
  >
    Dashboard
  </a>
</nav>
`;
